config=configs/benchmark_a.yaml  device=mps
backbone=vit_tiny_patch16_224  img_size=128  feature_dim=192  params=5.50M

  [semantic/seed0] aquatic_life  TaskData(name='aquatic_life', classes=20, train=10000, test=2000)
/Users/rachele/Obsidian/Data Science/Data Science/06 - Assets/1-II DLAI TWIN/dlai-mergeability/.venv/lib/python3.12/site-packages/sklearn/linear_model/_logistic.py:1435: FutureWarning: 'n_jobs' has no effect since 1.8 and will be removed in 1.10. You provided 'n_jobs=-1', please leave it unspecified.
  warnings.warn(msg, category=FutureWarning)
    linear probe (theta_0) test acc 67.90%
    epoch 1/5  loss 0.7907  test acc 80.85%
    epoch 2/5  loss 0.4858  test acc 81.95%
    epoch 3/5  loss 0.3097  test acc 84.00%
    epoch 4/5  loss 0.1970  test acc 84.95%
    epoch 5/5  loss 0.1386  test acc 85.40%
    done in 21m13s  probe 67.90% -> finetuned 85.40%  ||tau||=2.73

  [semantic/seed0] flora_and_insects  TaskData(name='flora_and_insects', classes=20, train=10000, test=2000)
/Users/rachele/Obsidian/Data Science/Data Science/06 - Assets/1-II DLAI TWIN/dlai-mergeability/.venv/lib/python3.12/site-packages/sklearn/linear_model/_logistic.py:1435: FutureWarning: 'n_jobs' has no effect since 1.8 and will be removed in 1.10. You provided 'n_jobs=-1', please leave it unspecified.
  warnings.warn(msg, category=FutureWarning)
    linear probe (theta_0) test acc 75.20%
    epoch 1/5  loss 0.5834  test acc 83.95%
    epoch 2/5  loss 0.3489  test acc 85.85%
    epoch 3/5  loss 0.2279  test acc 86.95%
    epoch 4/5  loss 0.1505  test acc 88.00%
    epoch 5/5  loss 0.1129  test acc 88.10%
    done in 23m49s  probe 75.20% -> finetuned 88.10%  ||tau||=2.52

  [semantic/seed0] household_and_people  TaskData(name='household_and_people', classes=20, train=10000, test=2000)
/Users/rachele/Obsidian/Data Science/Data Science/06 - Assets/1-II DLAI TWIN/dlai-mergeability/.venv/lib/python3.12/site-packages/sklearn/linear_model/_logistic.py:1435: FutureWarning: 'n_jobs' has no effect since 1.8 and will be removed in 1.10. You provided 'n_jobs=-1', please leave it unspecified.
  warnings.warn(msg, category=FutureWarning)
    linear probe (theta_0) test acc 69.90%
    epoch 1/5  loss 0.7035  test acc 78.70%
    epoch 2/5  loss 0.4424  test acc 80.05%
    epoch 3/5  loss 0.3073  test acc 83.30%
    epoch 4/5  loss 0.2018  test acc 84.00%
    epoch 5/5  loss 0.1504  test acc 84.75%
    done in 1h27m10s  probe 69.90% -> finetuned 84.75%  ||tau||=2.62

  [semantic/seed0] mammals  TaskData(name='mammals', classes=20, train=10000, test=2000)
/Users/rachele/Obsidian/Data Science/Data Science/06 - Assets/1-II DLAI TWIN/dlai-mergeability/.venv/lib/python3.12/site-packages/sklearn/linear_model/_logistic.py:1435: FutureWarning: 'n_jobs' has no effect since 1.8 and will be removed in 1.10. You provided 'n_jobs=-1', please leave it unspecified.
  warnings.warn(msg, category=FutureWarning)
    linear probe (theta_0) test acc 66.65%
    epoch 1/5  loss 0.7302  test acc 80.55%
    epoch 2/5  loss 0.4223  test acc 82.55%
